\BOOKMARK [1][-]{section.1}{\376\377\000M\000i\000s\000u\000r\000a\000\040\000d\000e\000g\000l\000i\000\040\000a\000n\000g\000o\000l\000i}{}% 1
\BOOKMARK [2][-]{subsection.1.1}{\376\377\000M\000i\000s\000u\000r\000a\000\040\000i\000n\000\040\000g\000r\000a\000d\000i\000:\000\040\000i\000l\000\040\000s\000i\000s\000t\000e\000m\000a\000\040\000s\000e\000s\000s\000a\000g\000e\000s\000i\000m\000a\000l\000e}{section.1}% 2
\BOOKMARK [2][-]{subsection.1.2}{\376\377\000M\000i\000s\000u\000r\000a\000\040\000i\000n\000\040\000r\000a\000d\000i\000a\000n\000t\000i}{section.1}% 3
\BOOKMARK [2][-]{subsection.1.3}{\376\377\000C\000o\000n\000v\000e\000r\000s\000i\000o\000n\000e\000\040\000t\000r\000a\000\040\000g\000r\000a\000d\000i\000\040\000e\000\040\000r\000a\000d\000i\000a\000n\000t\000i}{section.1}% 4
\BOOKMARK [2][-]{subsection.1.4}{\376\377\000T\000a\000b\000e\000l\000l\000a\000\040\000d\000e\000g\000l\000i\000\040\000a\000n\000g\000o\000l\000i\000\040\000n\000o\000t\000e\000v\000o\000l\000i}{section.1}% 5
\BOOKMARK [1][-]{section.2}{\376\377\000L\000u\000n\000g\000h\000e\000z\000z\000a\000\040\000d\000i\000\040\000u\000n\000\040\000a\000r\000c\000o\000\040\000d\000i\000\040\000c\000i\000r\000c\000o\000n\000f\000e\000r\000e\000n\000z\000a}{}% 6
\BOOKMARK [1][-]{section.3}{\376\377\000A\000r\000e\000a\000\040\000d\000e\000l\000\040\000s\000e\000t\000t\000o\000r\000e\000\040\000c\000i\000r\000c\000o\000l\000a\000r\000e}{}% 7
\BOOKMARK [1][-]{section.4}{\376\377\000A\000n\000g\000o\000l\000i\000\040\000o\000r\000i\000e\000n\000t\000a\000t\000i}{}% 8
\BOOKMARK [1][-]{section.5}{\376\377\000E\000s\000e\000r\000c\000i\000z\000i\000\040\000d\000i\000\040\000r\000i\000e\000p\000i\000l\000o\000g\000o\000\040\000\050\000m\000i\000s\000u\000r\000a\000\040\000d\000e\000g\000l\000i\000\040\000a\000n\000g\000o\000l\000i\000\051}{}% 9
\BOOKMARK [1][-]{section.6}{\376\377\000L\000a\000\040\000c\000i\000r\000c\000o\000n\000f\000e\000r\000e\000n\000z\000a\000\040\000g\000o\000n\000i\000o\000m\000e\000t\000r\000i\000c\000a}{}% 10
\BOOKMARK [1][-]{section.7}{\376\377\000S\000e\000n\000o\000\040\000e\000\040\000c\000o\000s\000e\000n\000o\000\040\000d\000i\000\040\000u\000n\000\040\000a\000n\000g\000o\000l\000o}{}% 11
\BOOKMARK [1][-]{section.8}{\376\377\000T\000a\000n\000g\000e\000n\000t\000e\000\040\000d\000i\000\040\000u\000n\000\040\000a\000n\000g\000o\000l\000o}{}% 12
\BOOKMARK [1][-]{section.9}{\376\377\000R\000e\000l\000a\000z\000i\000o\000n\000e\000\040\000f\000o\000n\000d\000a\000m\000e\000n\000t\000a\000l\000e\000\040\000d\000e\000l\000l\000a\000\040\000g\000o\000n\000i\000o\000m\000e\000t\000r\000i\000a}{}% 13
\BOOKMARK [1][-]{section.10}{\376\377\000V\000a\000l\000o\000r\000i\000\040\000d\000e\000l\000l\000e\000\040\000f\000u\000n\000z\000i\000o\000n\000i\000\040\000g\000o\000n\000i\000o\000m\000e\000t\000r\000i\000c\000h\000e\000\040\000d\000e\000g\000l\000i\000\040\000a\000n\000g\000o\000l\000i\000\040\000n\000o\000t\000e\000v\000o\000l\000i}{}% 14
\BOOKMARK [1][-]{section.11}{\376\377\000S\000e\000g\000n\000o\000\040\000d\000e\000l\000l\000e\000\040\000f\000u\000n\000z\000i\000o\000n\000i\000\040\000g\000o\000n\000i\000o\000m\000e\000t\000r\000i\000c\000h\000e\000\040\000n\000e\000i\000\040\000q\000u\000a\000d\000r\000a\000n\000t\000i}{}% 15
\BOOKMARK [1][-]{section.12}{\376\377\000A\000n\000g\000o\000l\000i\000\040\000a\000s\000s\000o\000c\000i\000a\000t\000i}{}% 16
\BOOKMARK [1][-]{section.13}{\376\377\000G\000r\000a\000f\000i\000c\000i\000\040\000d\000e\000l\000l\000e\000\040\000f\000u\000n\000z\000i\000o\000n\000i\000\040\000g\000o\000n\000i\000o\000m\000e\000t\000r\000i\000c\000h\000e}{}% 17
\BOOKMARK [2][-]{subsection.13.1}{\376\377\000L\000a\000\040\000s\000i\000n\000u\000s\000o\000i\000d\000e\000:\000\040\000y\000=\000x}{section.13}% 18
\BOOKMARK [2][-]{subsection.13.2}{\376\377\000L\000a\000\040\000c\000o\000s\000i\000n\000u\000s\000o\000i\000d\000e\000:\000\040\000y\000=\000x}{section.13}% 19
\BOOKMARK [2][-]{subsection.13.3}{\376\377\000L\000a\000\040\000t\000a\000n\000g\000e\000n\000t\000o\000i\000d\000e\000:\000\040\000y\000=\000x}{section.13}% 20
\BOOKMARK [1][-]{section.14}{\376\377\000E\000s\000e\000r\000c\000i\000z\000i\000\040\000d\000i\000\040\000r\000i\000e\000p\000i\000l\000o\000g\000o\000\040\000\050\000s\000e\000n\000o\000,\000\040\000c\000o\000s\000e\000n\000o\000,\000\040\000t\000a\000n\000g\000e\000n\000t\000e\000\051}{}% 21
